2025-10-13 10:39:51 [INFO] ts_benchmark.data.data_source(124): Start loading 1 series in parallel
2025-10-13 10:39:51 [INFO] ts_benchmark.data.data_source(133): Data loading finished.
2025-10-13 10:39:51 [INFO] ts_benchmark.data.suites.global_storage(40): Data server starting...
2025-10-13 10:39:51 [INFO] ts_benchmark.data.suites.global_storage(41): Start sending data to the global storage.
2025-10-13 10:39:51 [INFO] ts_benchmark.data.suites.global_storage(46): Notifying all workers to sync data from the global storage.
2025-10-13 10:39:51 [INFO] ts_benchmark.data.suites.global_storage(49): Data server started.
2025-10-13 10:39:51 [INFO] ts_benchmark.models.model_loader(98): Trying to load model ts_benchmark.baselines.ccd.CCD
scheduling CCD:   0%|                                                                                                                   | 0/1 [00:00<?, ?it/s]---------------------------------------------------------- CCD
Total trainable parameters: 8985454
Validation loss decreased (inf --> 0.236448).  Saving model ...
Updating learning rate to 0.008
Validation loss decreased (0.236448 --> 0.235395).  Saving model ...
Updating learning rate to 0.008
Validation loss decreased (0.235395 --> 0.234901).  Saving model ...
Updating learning rate to 0.008
EarlyStopping counter: 1 out of 5
Updating learning rate to 0.007200000000000001
EarlyStopping counter: 2 out of 5
Updating learning rate to 0.0064800000000000005
Validation loss decreased (0.234901 --> 0.233672).  Saving model ...
Updating learning rate to 0.005832000000000001
EarlyStopping counter: 1 out of 5
Updating learning rate to 0.0052488000000000005
EarlyStopping counter: 2 out of 5
Updating learning rate to 0.00472392
EarlyStopping counter: 3 out of 5
Updating learning rate to 0.004251528
Validation loss decreased (0.233672 --> 0.233497).  Saving model ...
Updating learning rate to 0.003826375200000001
EarlyStopping counter: 1 out of 5
Updating learning rate to 0.003443737680000001
EarlyStopping counter: 2 out of 5
Updating learning rate to 0.0030993639120000006
EarlyStopping counter: 3 out of 5
Updating learning rate to 0.002789427520800001
EarlyStopping counter: 4 out of 5
Updating learning rate to 0.0025104847687200007
EarlyStopping counter: 5 out of 5
scheduling CCD: 100%|██████████████████████████████████████████████████████████████████████████████████████████████████████████| 1/1 [04:27<00:00, 267.36s/it]
collecting CCD: 100%|█████████████████████████████████████████████████████████████████████████████████████████████████████████| 1/1 [00:00<00:00, 6700.17it/s]

2025-10-13 10:44:24 [INFO] ts_benchmark.data.data_source(124): Start loading 1 series in parallel
2025-10-13 10:44:24 [INFO] ts_benchmark.data.data_source(133): Data loading finished.
2025-10-13 10:44:24 [INFO] ts_benchmark.data.suites.global_storage(40): Data server starting...
2025-10-13 10:44:24 [INFO] ts_benchmark.data.suites.global_storage(41): Start sending data to the global storage.
2025-10-13 10:44:24 [INFO] ts_benchmark.data.suites.global_storage(46): Notifying all workers to sync data from the global storage.
2025-10-13 10:44:24 [INFO] ts_benchmark.data.suites.global_storage(49): Data server started.
2025-10-13 10:44:24 [INFO] ts_benchmark.models.model_loader(98): Trying to load model ts_benchmark.baselines.ccd.CCD
scheduling CCD:   0%|                                                                                                                   | 0/1 [00:00<?, ?it/s]---------------------------------------------------------- CCD
Total trainable parameters: 4640096
Validation loss decreased (inf --> 0.281160).  Saving model ...
Updating learning rate to 0.008
Validation loss decreased (0.281160 --> 0.275774).  Saving model ...
Updating learning rate to 0.008
Validation loss decreased (0.275774 --> 0.275314).  Saving model ...
Updating learning rate to 0.008
Validation loss decreased (0.275314 --> 0.273807).  Saving model ...
Updating learning rate to 0.007200000000000001
EarlyStopping counter: 1 out of 5
Updating learning rate to 0.0064800000000000005
EarlyStopping counter: 2 out of 5
Updating learning rate to 0.005832000000000001
EarlyStopping counter: 3 out of 5
Updating learning rate to 0.0052488000000000005
EarlyStopping counter: 4 out of 5
Updating learning rate to 0.00472392
EarlyStopping counter: 5 out of 5
scheduling CCD: 100%|██████████████████████████████████████████████████████████████████████████████████████████████████████████| 1/1 [02:23<00:00, 143.49s/it]
collecting CCD: 100%|█████████████████████████████████████████████████████████████████████████████████████████████████████████| 1/1 [00:00<00:00, 6636.56it/s]

2025-10-13 10:46:54 [INFO] ts_benchmark.data.data_source(124): Start loading 1 series in parallel
2025-10-13 10:46:55 [INFO] ts_benchmark.data.data_source(133): Data loading finished.
2025-10-13 10:46:55 [INFO] ts_benchmark.data.suites.global_storage(40): Data server starting...
2025-10-13 10:46:55 [INFO] ts_benchmark.data.suites.global_storage(41): Start sending data to the global storage.
2025-10-13 10:46:55 [INFO] ts_benchmark.data.suites.global_storage(46): Notifying all workers to sync data from the global storage.
2025-10-13 10:46:55 [INFO] ts_benchmark.data.suites.global_storage(49): Data server started.
2025-10-13 10:46:55 [INFO] ts_benchmark.models.model_loader(98): Trying to load model ts_benchmark.baselines.ccd.CCD
scheduling CCD:   0%|                                                                                                                   | 0/1 [00:00<?, ?it/s]---------------------------------------------------------- CCD
Total trainable parameters: 8697609
Validation loss decreased (inf --> 0.314061).  Saving model ...
Updating learning rate to 0.008
Validation loss decreased (0.314061 --> 0.312936).  Saving model ...
Updating learning rate to 0.008
EarlyStopping counter: 1 out of 5
Updating learning rate to 0.008
Validation loss decreased (0.312936 --> 0.312586).  Saving model ...
Updating learning rate to 0.007200000000000001
EarlyStopping counter: 1 out of 5
Updating learning rate to 0.0064800000000000005
EarlyStopping counter: 2 out of 5
Updating learning rate to 0.005832000000000001
EarlyStopping counter: 3 out of 5
Updating learning rate to 0.0052488000000000005
EarlyStopping counter: 4 out of 5
Updating learning rate to 0.00472392
EarlyStopping counter: 5 out of 5
scheduling CCD: 100%|██████████████████████████████████████████████████████████████████████████████████████████████████████████| 1/1 [02:27<00:00, 147.46s/it]
collecting CCD: 100%|█████████████████████████████████████████████████████████████████████████████████████████████████████████| 1/1 [00:00<00:00, 6853.44it/s]

2025-10-13 10:49:28 [INFO] ts_benchmark.data.data_source(124): Start loading 1 series in parallel
2025-10-13 10:49:28 [INFO] ts_benchmark.data.data_source(133): Data loading finished.
2025-10-13 10:49:28 [INFO] ts_benchmark.data.suites.global_storage(40): Data server starting...
2025-10-13 10:49:28 [INFO] ts_benchmark.data.suites.global_storage(41): Start sending data to the global storage.
2025-10-13 10:49:28 [INFO] ts_benchmark.data.suites.global_storage(46): Notifying all workers to sync data from the global storage.
2025-10-13 10:49:28 [INFO] ts_benchmark.data.suites.global_storage(49): Data server started.
2025-10-13 10:49:28 [INFO] ts_benchmark.models.model_loader(98): Trying to load model ts_benchmark.baselines.ccd.CCD
scheduling CCD:   0%|                                                                                                                   | 0/1 [00:00<?, ?it/s]---------------------------------------------------------- CCD
Total trainable parameters: 10122826
Validation loss decreased (inf --> 0.364359).  Saving model ...
Updating learning rate to 0.008
Validation loss decreased (0.364359 --> 0.360353).  Saving model ...
Updating learning rate to 0.008
EarlyStopping counter: 1 out of 5
Updating learning rate to 0.008
Validation loss decreased (0.360353 --> 0.359896).  Saving model ...
Updating learning rate to 0.007200000000000001
EarlyStopping counter: 1 out of 5
Updating learning rate to 0.0064800000000000005
EarlyStopping counter: 2 out of 5
Updating learning rate to 0.005832000000000001
Validation loss decreased (0.359896 --> 0.358096).  Saving model ...
Updating learning rate to 0.0052488000000000005
EarlyStopping counter: 1 out of 5
Updating learning rate to 0.00472392
EarlyStopping counter: 2 out of 5
Updating learning rate to 0.004251528
EarlyStopping counter: 3 out of 5
Updating learning rate to 0.003826375200000001
EarlyStopping counter: 4 out of 5
Updating learning rate to 0.003443737680000001
EarlyStopping counter: 5 out of 5
scheduling CCD: 100%|██████████████████████████████████████████████████████████████████████████████████████████████████████████| 1/1 [03:23<00:00, 203.43s/it]
collecting CCD: 100%|█████████████████████████████████████████████████████████████████████████████████████████████████████████| 1/1 [00:00<00:00, 6232.25it/s]
