2025-10-14 05:51:14 [INFO] ts_benchmark.data.data_source(124): Start loading 1 series in parallel
2025-10-14 05:51:19 [INFO] ts_benchmark.data.data_source(133): Data loading finished.
2025-10-14 05:51:19 [INFO] ts_benchmark.data.suites.global_storage(40): Data server starting...
2025-10-14 05:51:19 [INFO] ts_benchmark.data.suites.global_storage(41): Start sending data to the global storage.
2025-10-14 05:51:19 [INFO] ts_benchmark.data.suites.global_storage(46): Notifying all workers to sync data from the global storage.
2025-10-14 05:51:19 [INFO] ts_benchmark.data.suites.global_storage(49): Data server started.
2025-10-14 05:51:19 [INFO] ts_benchmark.models.model_loader(98): Trying to load model ts_benchmark.baselines.ccd.CCD
scheduling CCD:   0%|                                                                                               | 0/1 [00:00<?, ?it/s]---------------------------------------------------------- CCD
Total trainable parameters: 7042385
Validation loss decreased (inf --> 0.221505).  Saving model ...
Updating learning rate to 0.001
Validation loss decreased (0.221505 --> 0.218325).  Saving model ...
Updating learning rate to 0.001
Validation loss decreased (0.218325 --> 0.216776).  Saving model ...
Updating learning rate to 0.001
Validation loss decreased (0.216776 --> 0.210074).  Saving model ...
Updating learning rate to 0.0009000000000000001
Validation loss decreased (0.210074 --> 0.208061).  Saving model ...
Updating learning rate to 0.0008100000000000001
Validation loss decreased (0.208061 --> 0.202679).  Saving model ...
Updating learning rate to 0.0007290000000000002
EarlyStopping counter: 1 out of 5
Updating learning rate to 0.0006561000000000001
Validation loss decreased (0.202679 --> 0.198203).  Saving model ...
Updating learning rate to 0.00059049
Validation loss decreased (0.198203 --> 0.196978).  Saving model ...
Updating learning rate to 0.000531441
Validation loss decreased (0.196978 --> 0.195352).  Saving model ...
Updating learning rate to 0.0004782969000000001
EarlyStopping counter: 1 out of 5
Updating learning rate to 0.0004304672100000001
EarlyStopping counter: 2 out of 5
Updating learning rate to 0.0003874204890000001
Validation loss decreased (0.195352 --> 0.195108).  Saving model ...
Updating learning rate to 0.0003486784401000001
Validation loss decreased (0.195108 --> 0.192529).  Saving model ...
Updating learning rate to 0.0003138105960900001
EarlyStopping counter: 1 out of 5
Updating learning rate to 0.0002824295364810001
EarlyStopping counter: 2 out of 5
Updating learning rate to 0.0002541865828329001
Validation loss decreased (0.192529 --> 0.191813).  Saving model ...
Updating learning rate to 0.0002287679245496101
EarlyStopping counter: 1 out of 5
Updating learning rate to 0.0002058911320946491
Validation loss decreased (0.191813 --> 0.191757).  Saving model ...
Updating learning rate to 0.00018530201888518417
Validation loss decreased (0.191757 --> 0.191324).  Saving model ...
Updating learning rate to 0.00016677181699666576
EarlyStopping counter: 1 out of 5
Updating learning rate to 0.00015009463529699917
EarlyStopping counter: 2 out of 5
Updating learning rate to 0.0001350851717672993
EarlyStopping counter: 3 out of 5
Updating learning rate to 0.00012157665459056935
EarlyStopping counter: 4 out of 5
Updating learning rate to 0.00010941898913151242
EarlyStopping counter: 5 out of 5
scheduling CCD: 100%|█████████████████████████████████████████████████████████████████████████████████████| 1/1 [22:35<00:00, 1355.53s/it]
collecting CCD: 100%|█████████████████████████████████████████████████████████████████████████████████████| 1/1 [00:00<00:00, 6710.89it/s]
2025-10-14 06:13:57 [INFO] ts_benchmark.recording(103): loading log file /root/CCD/result/Solar/CCD/CCD.1760422437.233ff1d18c0c.14445.csv.tar.gz

2025-10-14 05:51:23 [INFO] ts_benchmark.data.data_source(124): Start loading 1 series in parallel
2025-10-14 05:51:28 [INFO] ts_benchmark.data.data_source(133): Data loading finished.
2025-10-14 05:51:28 [INFO] ts_benchmark.data.suites.global_storage(40): Data server starting...
2025-10-14 05:51:28 [INFO] ts_benchmark.data.suites.global_storage(41): Start sending data to the global storage.
2025-10-14 05:51:28 [INFO] ts_benchmark.data.suites.global_storage(46): Notifying all workers to sync data from the global storage.
2025-10-14 05:51:28 [INFO] ts_benchmark.data.suites.global_storage(49): Data server started.
2025-10-14 05:51:28 [INFO] ts_benchmark.models.model_loader(98): Trying to load model ts_benchmark.baselines.ccd.CCD
scheduling CCD:   0%|                                                                                               | 0/1 [00:00<?, ?it/s]---------------------------------------------------------- CCD
Total trainable parameters: 2230143
Validation loss decreased (inf --> 0.231295).  Saving model ...
Updating learning rate to 0.001
Validation loss decreased (0.231295 --> 0.218045).  Saving model ...
Updating learning rate to 0.001
EarlyStopping counter: 1 out of 5
Updating learning rate to 0.001
Validation loss decreased (0.218045 --> 0.217427).  Saving model ...
Updating learning rate to 0.0009000000000000001
EarlyStopping counter: 1 out of 5
Updating learning rate to 0.0008100000000000001
Validation loss decreased (0.217427 --> 0.209580).  Saving model ...
Updating learning rate to 0.0007290000000000002
Validation loss decreased (0.209580 --> 0.207472).  Saving model ...
Updating learning rate to 0.0006561000000000001
EarlyStopping counter: 1 out of 5
Updating learning rate to 0.00059049
EarlyStopping counter: 2 out of 5
Updating learning rate to 0.000531441
EarlyStopping counter: 3 out of 5
Updating learning rate to 0.0004782969000000001
Validation loss decreased (0.207472 --> 0.204406).  Saving model ...
Updating learning rate to 0.0004304672100000001
EarlyStopping counter: 1 out of 5
Updating learning rate to 0.0003874204890000001
Validation loss decreased (0.204406 --> 0.202962).  Saving model ...
Updating learning rate to 0.0003486784401000001
Validation loss decreased (0.202962 --> 0.202435).  Saving model ...
Updating learning rate to 0.0003138105960900001
Validation loss decreased (0.202435 --> 0.201794).  Saving model ...
Updating learning rate to 0.0002824295364810001
EarlyStopping counter: 1 out of 5
Updating learning rate to 0.0002541865828329001
EarlyStopping counter: 2 out of 5
Updating learning rate to 0.0002287679245496101
EarlyStopping counter: 3 out of 5
Updating learning rate to 0.0002058911320946491
Validation loss decreased (0.201794 --> 0.200839).  Saving model ...
Updating learning rate to 0.00018530201888518417
EarlyStopping counter: 1 out of 5
Updating learning rate to 0.00016677181699666576
EarlyStopping counter: 2 out of 5
Updating learning rate to 0.00015009463529699917
EarlyStopping counter: 3 out of 5
Updating learning rate to 0.0001350851717672993
EarlyStopping counter: 4 out of 5
Updating learning rate to 0.00012157665459056935
Validation loss decreased (0.200839 --> 0.200228).  Saving model ...
Updating learning rate to 0.00010941898913151242
EarlyStopping counter: 1 out of 5
Updating learning rate to 9.847709021836118e-05
EarlyStopping counter: 2 out of 5
Updating learning rate to 8.862938119652506e-05
Validation loss decreased (0.200228 --> 0.199987).  Saving model ...
Updating learning rate to 7.976644307687256e-05
EarlyStopping counter: 1 out of 5
Updating learning rate to 7.17897987691853e-05
EarlyStopping counter: 2 out of 5
Updating learning rate to 6.461081889226677e-05
EarlyStopping counter: 3 out of 5
Updating learning rate to 5.8149737003040094e-05
scheduling CCD: 100%|██████████████████████████████████████████████████████████████████████████████████████| 1/1 [16:39<00:00, 999.01s/it]
collecting CCD: 100%|█████████████████████████████████████████████████████████████████████████████████████| 1/1 [00:00<00:00, 6615.62it/s]


2025-10-14 05:51:31 [INFO] ts_benchmark.data.data_source(124): Start loading 1 series in parallel
2025-10-14 05:51:36 [INFO] ts_benchmark.data.data_source(133): Data loading finished.
2025-10-14 05:51:36 [INFO] ts_benchmark.data.suites.global_storage(40): Data server starting...
2025-10-14 05:51:36 [INFO] ts_benchmark.data.suites.global_storage(41): Start sending data to the global storage.
2025-10-14 05:51:36 [INFO] ts_benchmark.data.suites.global_storage(46): Notifying all workers to sync data from the global storage.
2025-10-14 05:51:36 [INFO] ts_benchmark.data.suites.global_storage(49): Data server started.
2025-10-14 05:51:36 [INFO] ts_benchmark.models.model_loader(98): Trying to load model ts_benchmark.baselines.ccd.CCD
scheduling CCD:   0%|                                                                                               | 0/1 [00:00<?, ?it/s]---------------------------------------------------------- CCD
Total trainable parameters: 2571177
Validation loss decreased (inf --> 0.240810).  Saving model ...
Updating learning rate to 0.001
Validation loss decreased (0.240810 --> 0.230514).  Saving model ...
Updating learning rate to 0.001
Validation loss decreased (0.230514 --> 0.225485).  Saving model ...
Updating learning rate to 0.001
Validation loss decreased (0.225485 --> 0.221145).  Saving model ...
Updating learning rate to 0.0009000000000000001
Validation loss decreased (0.221145 --> 0.220761).  Saving model ...
Updating learning rate to 0.0008100000000000001
Validation loss decreased (0.220761 --> 0.215490).  Saving model ...
Updating learning rate to 0.0007290000000000002
EarlyStopping counter: 1 out of 5
Updating learning rate to 0.0006561000000000001
Validation loss decreased (0.215490 --> 0.213590).  Saving model ...
Updating learning rate to 0.00059049
Validation loss decreased (0.213590 --> 0.211023).  Saving model ...
Updating learning rate to 0.000531441
EarlyStopping counter: 1 out of 5
Updating learning rate to 0.0004782969000000001
EarlyStopping counter: 2 out of 5
Updating learning rate to 0.0004304672100000001
Validation loss decreased (0.211023 --> 0.209953).  Saving model ...
Updating learning rate to 0.0003874204890000001
Validation loss decreased (0.209953 --> 0.209112).  Saving model ...
Updating learning rate to 0.0003486784401000001
Validation loss decreased (0.209112 --> 0.208144).  Saving model ...
Updating learning rate to 0.0003138105960900001
EarlyStopping counter: 1 out of 5
Updating learning rate to 0.0002824295364810001
Validation loss decreased (0.208144 --> 0.207980).  Saving model ...
Updating learning rate to 0.0002541865828329001
Validation loss decreased (0.207980 --> 0.206813).  Saving model ...
Updating learning rate to 0.0002287679245496101
EarlyStopping counter: 1 out of 5
Updating learning rate to 0.0002058911320946491
EarlyStopping counter: 2 out of 5
Updating learning rate to 0.00018530201888518417
Validation loss decreased (0.206813 --> 0.206514).  Saving model ...
Updating learning rate to 0.00016677181699666576
Validation loss decreased (0.206514 --> 0.205780).  Saving model ...
Updating learning rate to 0.00015009463529699917
Validation loss decreased (0.205780 --> 0.205467).  Saving model ...
Updating learning rate to 0.0001350851717672993
EarlyStopping counter: 1 out of 5
Updating learning rate to 0.00012157665459056935
Validation loss decreased (0.205467 --> 0.205297).  Saving model ...
Updating learning rate to 0.00010941898913151242
EarlyStopping counter: 1 out of 5
Updating learning rate to 9.847709021836118e-05
EarlyStopping counter: 2 out of 5
Updating learning rate to 8.862938119652506e-05
EarlyStopping counter: 3 out of 5
Updating learning rate to 7.976644307687256e-05
EarlyStopping counter: 4 out of 5
Updating learning rate to 7.17897987691853e-05
EarlyStopping counter: 5 out of 5
scheduling CCD: 100%|█████████████████████████████████████████████████████████████████████████████████████| 1/1 [18:02<00:00, 1082.05s/it]
collecting CCD: 100%|█████████████████████████████████████████████████████████████████████████████████████| 1/1 [00:00<00:00, 6967.28it/s]


2025-10-14 05:51:40 [INFO] ts_benchmark.data.data_source(124): Start loading 1 series in parallel
2025-10-14 05:51:45 [INFO] ts_benchmark.data.data_source(133): Data loading finished.
2025-10-14 05:51:45 [INFO] ts_benchmark.data.suites.global_storage(40): Data server starting...
2025-10-14 05:51:45 [INFO] ts_benchmark.data.suites.global_storage(41): Start sending data to the global storage.
2025-10-14 05:51:45 [INFO] ts_benchmark.data.suites.global_storage(46): Notifying all workers to sync data from the global storage.
2025-10-14 05:51:45 [INFO] ts_benchmark.data.suites.global_storage(49): Data server started.
2025-10-14 05:51:45 [INFO] ts_benchmark.models.model_loader(98): Trying to load model ts_benchmark.baselines.ccd.CCD
scheduling CCD:   0%|                                                                                               | 0/1 [00:00<?, ?it/s]---------------------------------------------------------- CCD
Total trainable parameters: 4819519
Validation loss decreased (inf --> 0.234968).  Saving model ...
Updating learning rate to 0.001
Validation loss decreased (0.234968 --> 0.228851).  Saving model ...
Updating learning rate to 0.001
Validation loss decreased (0.228851 --> 0.223605).  Saving model ...
Updating learning rate to 0.001
Validation loss decreased (0.223605 --> 0.221894).  Saving model ...
Updating learning rate to 0.0009000000000000001
Validation loss decreased (0.221894 --> 0.218961).  Saving model ...
Updating learning rate to 0.0008100000000000001
Validation loss decreased (0.218961 --> 0.215683).  Saving model ...
Updating learning rate to 0.0007290000000000002
Validation loss decreased (0.215683 --> 0.215623).  Saving model ...
Updating learning rate to 0.0006561000000000001
Validation loss decreased (0.215623 --> 0.214152).  Saving model ...
Updating learning rate to 0.00059049
Validation loss decreased (0.214152 --> 0.213514).  Saving model ...
Updating learning rate to 0.000531441
Validation loss decreased (0.213514 --> 0.212847).  Saving model ...
Updating learning rate to 0.0004782969000000001
Validation loss decreased (0.212847 --> 0.212042).  Saving model ...
Updating learning rate to 0.0004304672100000001
Validation loss decreased (0.212042 --> 0.211671).  Saving model ...
Updating learning rate to 0.0003874204890000001
Validation loss decreased (0.211671 --> 0.208948).  Saving model ...
Updating learning rate to 0.0003486784401000001
EarlyStopping counter: 1 out of 5
Updating learning rate to 0.0003138105960900001
EarlyStopping counter: 2 out of 5
Updating learning rate to 0.0002824295364810001
EarlyStopping counter: 3 out of 5
Updating learning rate to 0.0002541865828329001
Validation loss decreased (0.208948 --> 0.208799).  Saving model ...
Updating learning rate to 0.0002287679245496101
EarlyStopping counter: 1 out of 5
Updating learning rate to 0.0002058911320946491
Validation loss decreased (0.208799 --> 0.207323).  Saving model ...
Updating learning rate to 0.00018530201888518417
EarlyStopping counter: 1 out of 5
Updating learning rate to 0.00016677181699666576
EarlyStopping counter: 2 out of 5
Updating learning rate to 0.00015009463529699917
EarlyStopping counter: 3 out of 5
Updating learning rate to 0.0001350851717672993
EarlyStopping counter: 4 out of 5
Updating learning rate to 0.00012157665459056935
EarlyStopping counter: 5 out of 5
scheduling CCD: 100%|█████████████████████████████████████████████████████████████████████████████████████| 1/1 [18:36<00:00, 1116.61s/it]
collecting CCD: 100%|█████████████████████████████████████████████████████████████████████████████████████| 1/1 [00:00<00:00, 6765.01it/s]
